******************************************************************************
                  TI ARM Linker PC v20.2.7                     
******************************************************************************
>> Linked Wed Apr 15 18:48:47 2026

OUTPUT FILE NAME:   <LAB2.out>
ENTRY POINT SYMBOL: "_c_int00_noargs"  address: 00000835


MEMORY CONFIGURATION

         name            origin    length      used     unused   attr    fill
----------------------  --------  ---------  --------  --------  ----  --------
  FLASH                 00000000   00040000  000008e6  0003f71a  R  X
  SRAM                  20000000   00008000  00002275  00005d8b  RW X


SEGMENT ALLOCATION MAP

run origin  load origin   length   init length attrs members
----------  ----------- ---------- ----------- ----- -------
00000000    00000000    000008e8   000008e8    r-x
  00000000    00000000    0000026c   0000026c    r-- .intvecs
  0000026c    0000026c    0000063a   0000063a    r-x .text
  000008a8    000008a8    00000040   00000040    r-- .cinit
20000000    20000000    00002275   00000000    rw-
  20000000    20000000    0000026c   00000000    rw- .vtable
  2000026c    2000026c    00000004   00000000    rw- .bss
  20000270    20000270    00001000   00000000    rw- .stack
  20001270    20001270    00001000   00000000    rw- .sysmem
  20002270    20002270    00000005   00000000    rw- .data


SECTION ALLOCATION MAP

 output                                  attributes/
section   page    origin      length       input sections
--------  ----  ----------  ----------   ----------------
.intvecs   0    00000000    0000026c     
                  00000000    0000026c     tm4c123gh6pm_startup_ccs.obj (.intvecs)

.text      0    0000026c    0000063a     
                  0000026c    00000248     Timer.obj (.text)
                  000004b4    000001a0     servo.obj (.text)
                  00000654    0000009c     rtsv7M4_T_le_v4SPD16_eabi.lib : memcpy_t2.asm.obj (.text)
                  000006f0    00000068                                   : copy_decompress_lzss.c.obj (.text:decompress:lzss:__TI_decompress_lzss)
                  00000758    00000064     pwm_lab10.obj (.text)
                  000007bc    00000044     rtsv7M4_T_le_v4SPD16_eabi.lib : autoinit.c.obj (.text:__TI_auto_init_nobinit_nopinit:__TI_auto_init_nobinit_nopinit)
                  00000800    00000034     driverlib.lib : interrupt.obj (.text:IntRegister)
                  00000834    00000034     rtsv7M4_T_le_v4SPD16_eabi.lib : boot_cortex_m.c.obj (.text:_c_int00_noargs:_c_int00_noargs)
                  00000868    0000001c                                   : copy_zero_init.c.obj (.text:decompress:ZI:__TI_zero_init_nomemset:__TI_zero_init_nomemset)
                  00000884    0000000e                                   : copy_decompress_none.c.obj (.text:decompress:none:__TI_decompress_none)
                  00000892    0000000c     tm4c123gh6pm_startup_ccs.obj (.text)
                  0000089e    00000004     rtsv7M4_T_le_v4SPD16_eabi.lib : pre_init.c.obj (.text:_system_pre_init)
                  000008a2    00000004                                   : exit.c.obj (.text:abort:abort)

.cinit     0    000008a8    00000040     
                  000008a8    0000000c     (__TI_handler_table)
                  000008b4    00000004     --HOLE-- [fill = 0]
                  000008b8    00000008     (.cinit..bss.load) [load image, compression = zero_init]
                  000008c0    00000008     (.cinit..data.load) [load image, compression = lzss]
                  000008c8    00000008     (.cinit..vtable.load) [load image, compression = zero_init]
                  000008d0    00000018     (__TI_cinit_table)

.init_array 
*          0    00000000    00000000     UNINITIALIZED

.vtable    0    20000000    0000026c     UNINITIALIZED
                  20000000    0000026c     driverlib.lib : interrupt.obj (.vtable)

.bss       0    2000026c    00000004     UNINITIALIZED
                  2000026c    00000004     (.common:_timeout_ticks)

.stack     0    20000270    00001000     UNINITIALIZED
                  20000270    00000004     rtsv7M4_T_le_v4SPD16_eabi.lib : boot_cortex_m.c.obj (.stack)
                  20000274    00000ffc     --HOLE--

.sysmem    0    20001270    00001000     UNINITIALIZED
                  20001270    00000010     rtsv7M4_T_le_v4SPD16_eabi.lib : memory.c.obj (.sysmem)
                  20001280    00000ff0     --HOLE--

.data      0    20002270    00000005     UNINITIALIZED
                  20002270    00000004     servo.obj (.data)
                  20002274    00000001     Timer.obj (.data)

__llvm_prf_cnts 
*          0    20000000    00000000     UNINITIALIZED

MODULE SUMMARY

       Module                         code   ro data   rw data
       ------                         ----   -------   -------
    .\
       tm4c123gh6pm_startup_ccs.obj   12     620       0      
       Timer.obj                      584    0         5      
       servo.obj                      416    0         4      
       pwm_lab10.obj                  100    0         0      
    +--+------------------------------+------+---------+---------+
       Total:                         1112   620       9      
                                                              
    C:/ti/TivaWare_C_Series-2.2.0.295/driverlib/ccs/Debug/driverlib.lib
       interrupt.obj                  52     0         620    
    +--+------------------------------+------+---------+---------+
       Total:                         52     0         620    
                                                              
    C:\ti\ccs1271\ccs\tools\compiler\ti-cgt-arm_20.2.7.LTS\lib\rtsv7M4_T_le_v4SPD16_eabi.lib
       memcpy_t2.asm.obj              156    0         0      
       copy_decompress_lzss.c.obj     104    0         0      
       autoinit.c.obj                 68     0         0      
       boot_cortex_m.c.obj            52     0         0      
       copy_zero_init.c.obj           28     0         0      
       copy_decompress_none.c.obj     14     0         0      
       exit.c.obj                     4      0         0      
       pre_init.c.obj                 4      0         0      
    +--+------------------------------+------+---------+---------+
       Total:                         430    0         0      
                                                              
       Heap:                          0      0         4096   
       Stack:                         0      0         4096   
       Linker Generated:              0      60        0      
    +--+------------------------------+------+---------+---------+
       Grand Total:                   1594   680       8821   


LINKER GENERATED COPY TABLES

__TI_cinit_table @ 000008d0 records: 3, size/record: 8, table size: 24
	.bss: load addr=000008b8, load size=00000008 bytes, run addr=2000026c, run size=00000004 bytes, compression=zero_init
	.data: load addr=000008c0, load size=00000008 bytes, run addr=20002270, run size=00000005 bytes, compression=lzss
	.vtable: load addr=000008c8, load size=00000008 bytes, run addr=20000000, run size=0000026c bytes, compression=zero_init


LINKER GENERATED HANDLER TABLE

__TI_handler_table @ 000008a8 records: 3, size/record: 4, table size: 12
	index: 0, handler: __TI_zero_init
	index: 1, handler: __TI_decompress_lzss
	index: 2, handler: __TI_decompress_none


GLOBAL SYMBOLS: SORTED ALPHABETICALLY BY Name 

address   name                          
-------   ----                          
000008a3  C$$EXIT                       
00000801  IntRegister                   
00000893  ResetISR                      
20001270  __STACK_END                   
00001000  __STACK_SIZE                  
20000470  __STACK_TOP                   
00001000  __SYSMEM_SIZE                 
000008d0  __TI_CINIT_Base               
000008e8  __TI_CINIT_Limit              
000008a8  __TI_Handler_Table_Base       
000008b4  __TI_Handler_Table_Limit      
000007bd  __TI_auto_init_nobinit_nopinit
000006f1  __TI_decompress_lzss          
00000885  __TI_decompress_none          
ffffffff  __TI_pprof_out_hndl           
ffffffff  __TI_prof_data_size           
ffffffff  __TI_prof_data_start          
00000000  __TI_static_base__            
00000869  __TI_zero_init_nomemset       
00000655  __aeabi_memcpy                
00000655  __aeabi_memcpy4               
00000655  __aeabi_memcpy8               
ffffffff  __binit__                     
ffffffff  __c_args__                    
UNDEFED   __mpu_init                    
20000270  __stack                       
20000000  __start___llvm_prf_cnts       
20000000  __stop___llvm_prf_cnts        
00000835  _c_int00_noargs               
20002274  _running                      
20001270  _sys_memory                   
UNDEFED   _system_post_cinit            
0000089f  _system_pre_init              
2000026c  _timeout_ticks                
000008a3  abort                         
ffffffff  binit                         
20000000  g_pfnRAMVectors               
00000000  g_pfnVectors                  
00000759  main                          
00000655  memcpy                        
00000533  servo_init                    
000005b1  servo_move                    
0000038b  timer_getMicros               
00000333  timer_getMillis               
0000026d  timer_init                    
0000030f  timer_pause                   
00000321  timer_resume                  
000002e5  timer_stop                    
000003e5  timer_waitMicros              
00000417  timer_waitMillis              


GLOBAL SYMBOLS: SORTED BY Symbol Address 

address   name                          
-------   ----                          
00000000  __TI_static_base__            
00000000  g_pfnVectors                  
0000026d  timer_init                    
000002e5  timer_stop                    
0000030f  timer_pause                   
00000321  timer_resume                  
00000333  timer_getMillis               
0000038b  timer_getMicros               
000003e5  timer_waitMicros              
00000417  timer_waitMillis              
00000533  servo_init                    
000005b1  servo_move                    
00000655  __aeabi_memcpy                
00000655  __aeabi_memcpy4               
00000655  __aeabi_memcpy8               
00000655  memcpy                        
000006f1  __TI_decompress_lzss          
00000759  main                          
000007bd  __TI_auto_init_nobinit_nopinit
00000801  IntRegister                   
00000835  _c_int00_noargs               
00000869  __TI_zero_init_nomemset       
00000885  __TI_decompress_none          
00000893  ResetISR                      
0000089f  _system_pre_init              
000008a3  C$$EXIT                       
000008a3  abort                         
000008a8  __TI_Handler_Table_Base       
000008b4  __TI_Handler_Table_Limit      
000008d0  __TI_CINIT_Base               
000008e8  __TI_CINIT_Limit              
00001000  __STACK_SIZE                  
00001000  __SYSMEM_SIZE                 
20000000  __start___llvm_prf_cnts       
20000000  __stop___llvm_prf_cnts        
20000000  g_pfnRAMVectors               
2000026c  _timeout_ticks                
20000270  __stack                       
20000470  __STACK_TOP                   
20001270  __STACK_END                   
20001270  _sys_memory                   
20002274  _running                      
ffffffff  __TI_pprof_out_hndl           
ffffffff  __TI_prof_data_size           
ffffffff  __TI_prof_data_start          
ffffffff  __binit__                     
ffffffff  __c_args__                    
ffffffff  binit                         
UNDEFED   __mpu_init                    
UNDEFED   _system_post_cinit            

[50 symbols]
